--- Contents of slurm-190967.out ---
Running page_rank_pull_parallel with 8 Threads: Iteration 1
Using DOUBLE
Number of Threads : 8
Strategy : 4
Granularity : 10
Iterations: 20
Reading graph
Created graph
thread_id, num_vertices, num_edges, barrier1_time, barrier2_time, getNextVertex_time, total_time
0, 63966386, 120383224, 0.095032, 0.024508, 9.825258, 47.165032
1, 62488705, 122789618, 0.003032, 0.026875, 9.937378, 47.164995
2, 63403697, 125409302, 0.017039, 0.002046, 9.963560, 47.164947
3, 64070058, 123950426, 0.022212, 0.022437, 9.906407, 47.164922
4, 61562688, 125597403, 0.087171, 0.024969, 10.380385, 47.148890
5, 59159029, 127458909, 0.021173, 0.014771, 10.239400, 47.148882
6, 65065570, 132141692, 0.007033, 0.017207, 9.826371, 47.164743
7, 60283847, 122269426, 0.056304, 0.016564, 9.945510, 47.164768
Sum of page ranks : 13887925.279471
Time taken (in seconds) : 47.166712


--- Contents of slurm-190968.out ---
Running page_rank_push_parallel_atomic with 8 Threads: Iteration 1
Using DOUBLE
Number of Threads : 8
Strategy : 4
Granularity : 10
Iterations: 20
Reading graph
Created graph
thread_id, num_vertices, num_edges, barrier1_time, barrier2_time, getNextVertex_time, total_time
0, 61519677, 128130422, 0.022116, 0.002109, 2.772913, 50.240625
1, 66082797, 128990055, 0.017588, 0.002150, 2.753102, 50.240568
2, 61377287, 114476746, 0.056754, 0.002198, 2.806353, 50.240437
3, 63415497, 127803742, 0.041905, 0.017440, 2.893018, 50.240394
4, 63807089, 134210264, 0.013259, 0.015589, 2.677210, 50.240261
5, 59178188, 114572557, 0.054561, 0.041396, 2.864071, 50.240113
6, 65221997, 124353839, 0.019035, 0.002195, 2.849336, 50.240010
7, 59397448, 127462375, 0.063092, 0.049768, 2.882234, 50.239245
Sum of page ranks : 13887925.279471
Time taken (in seconds) : 50.242114


--- Contents of slurm-190969.out ---
Running page_rank_pull_parallel with 8 Threads: Iteration 1
Using DOUBLE
Number of Threads : 8
Strategy : 4
Granularity : 100
Iterations: 20
Reading graph
Created graph
thread_id, num_vertices, num_edges, barrier1_time, barrier2_time, getNextVertex_time, total_time
0, 61867195, 121203781, 0.050578, 0.016999, 0.604272, 25.871956
1, 62746196, 126742792, 0.017582, 0.013037, 0.587620, 25.871881
2, 66113699, 128198223, 0.032146, 0.002458, 0.650033, 25.871830
3, 60724699, 119178760, 0.016432, 0.050231, 0.649457, 25.871806
4, 56369098, 121446987, 0.061671, 0.087233, 0.732100, 25.871699
5, 64421794, 124603333, 0.032407, 0.010900, 0.616174, 25.871733
6, 61954999, 124356385, 0.023118, 0.039015, 0.676743, 25.858550
7, 65802300, 134269739, 0.043723, 0.032085, 0.758862, 25.846556
Sum of page ranks : 13887925.279471
Time taken (in seconds) : 25.873395


--- Contents of slurm-190970.out ---
Running page_rank_push_parallel_atomic with 8 Threads: Iteration 1
Using DOUBLE
Number of Threads : 8
Strategy : 4
Granularity : 100
Iterations: 20
Reading graph
Created graph
thread_id, num_vertices, num_edges, barrier1_time, barrier2_time, getNextVertex_time, total_time
0, 58929799, 124459378, 0.065306, 0.024061, 0.310823, 36.744217
1, 63656798, 131365349, 0.002717, 0.018517, 0.286965, 36.744071
2, 60936098, 130878844, 0.032410, 0.034102, 0.239040, 36.744135
3, 62512895, 115279182, 0.061261, 0.047435, 0.356214, 36.730543
4, 63077795, 122358297, 0.051901, 0.021416, 0.314182, 36.743520
5, 61651900, 126335740, 0.010348, 0.011279, 0.304317, 36.744014
6, 63612998, 127517795, 0.002489, 0.034130, 0.339173, 36.743969
7, 65621697, 121805415, 0.009346, 0.003522, 0.303388, 36.743965
Sum of page ranks : 13887925.279471
Time taken (in seconds) : 36.745086


--- Contents of slurm-190971.out ---
Running page_rank_pull_parallel with 8 Threads: Iteration 1
Using DOUBLE
Number of Threads : 8
Strategy : 4
Granularity : 1000
Iterations: 20
Reading graph
Created graph
thread_id, num_vertices, num_edges, barrier1_time, barrier2_time, getNextVertex_time, total_time
0, 54628000, 123894988, 0.012609, 0.022028, 0.049723, 24.491880
1, 54252997, 125434420, 0.005285, 0.023422, 0.054162, 24.491853
2, 61887996, 120944313, 0.022291, 0.060699, 0.094795, 24.491797
3, 73212994, 122460511, 0.020393, 0.085114, 0.058321, 24.491797
4, 84007997, 136318205, 0.057463, 0.023765, 0.060705, 24.491679
5, 53982999, 123641885, 0.012514, 0.021864, 0.049533, 24.491704
6, 61984999, 120218182, 0.018311, 0.021148, 0.051349, 24.478554
7, 56041998, 127087496, 0.016499, 0.010766, 0.051453, 24.466566
Sum of page ranks : 13887925.279471
Time taken (in seconds) : 24.493292


--- Contents of slurm-190972.out ---
Running page_rank_push_parallel_atomic with 8 Threads: Iteration 1
Using DOUBLE
Number of Threads : 8
Strategy : 4
Granularity : 1000
Iterations: 20
Reading graph
Created graph
thread_id, num_vertices, num_edges, barrier1_time, barrier2_time, getNextVertex_time, total_time
0, 61176996, 123276184, 0.027441, 0.017648, 0.025985, 35.141150
1, 62883996, 117195327, 0.014482, 0.060908, 0.049660, 35.141145
2, 64487999, 128760616, 0.037245, 0.002545, 0.026695, 35.141081
3, 61754997, 118586968, 0.025537, 0.033951, 0.025680, 35.141062
4, 60400996, 139596622, 0.072346, 0.041249, 0.029681, 35.140959
5, 63766999, 128280463, 0.032529, 0.002698, 0.026329, 35.140976
6, 59092999, 120008234, 0.061026, 0.016353, 0.025753, 35.128642
7, 66434998, 124295586, 0.016241, 0.015331, 0.026736, 35.140927
Sum of page ranks : 13887925.279471
Time taken (in seconds) : 35.142928


--- Contents of slurm-190973.out ---
Running page_rank_pull_parallel with 8 Threads: Iteration 1
Using DOUBLE
Number of Threads : 8
Strategy : 4
Granularity : 2000
Iterations: 20
Reading graph
Created graph
thread_id, num_vertices, num_edges, barrier1_time, barrier2_time, getNextVertex_time, total_time
0, 70815999, 124608188, 0.033040, 0.035899, 0.031917, 23.893440
1, 53077997, 118851055, 0.040131, 0.056684, 0.038354, 23.893368
2, 56479997, 125292713, 0.005767, 0.015950, 0.030574, 23.893336
3, 65817998, 130334773, 0.006523, 0.006919, 0.032319, 23.893317
4, 69173998, 127050957, 0.061433, 0.065765, 0.031113, 23.893210
5, 53945997, 123360233, 0.031289, 0.021569, 0.030797, 23.893239
6, 63183998, 127326980, 0.020062, 0.019670, 0.032545, 23.880911
7, 67503996, 123175101, 0.021814, 0.022005, 0.032229, 23.868927
Sum of page ranks : 13887925.279471
Time taken (in seconds) : 23.895074


--- Contents of slurm-190974.out ---
Running page_rank_push_parallel_atomic with 8 Threads: Iteration 1
Using DOUBLE
Number of Threads : 8
Strategy : 4
Granularity : 2000
Iterations: 20
Reading graph
Created graph
thread_id, num_vertices, num_edges, barrier1_time, barrier2_time, getNextVertex_time, total_time
0, 62763997, 126141553, 0.054500, 0.027610, 0.013561, 36.189528
1, 55999999, 118395160, 0.036803, 0.046591, 0.028368, 36.189447
2, 62896000, 127575879, 0.056636, 0.003458, 0.013836, 36.189445
3, 62171997, 117771967, 0.044256, 0.050200, 0.013452, 36.189368
4, 62913998, 127095361, 0.014386, 0.004035, 0.013605, 36.189269
5, 65655996, 126733140, 0.018934, 0.013161, 0.053675, 36.189336
6, 60165997, 128732853, 0.066552, 0.042130, 0.014438, 36.174523
7, 67431996, 127554087, 0.034394, 0.037710, 0.014150, 36.189266
Sum of page ranks : 13887925.279471
Time taken (in seconds) : 36.191039


--- Contents of slurm-190975.out ---
Running page_rank_pull_parallel with 8 Threads: Iteration 2
Using DOUBLE
Number of Threads : 8
Strategy : 4
Granularity : 10
Iterations: 20
Reading graph
Created graph
thread_id, num_vertices, num_edges, barrier1_time, barrier2_time, getNextVertex_time, total_time
0, 59592357, 126513958, 0.026234, 0.002238, 10.258673, 47.533469
1, 63377229, 124218646, 0.032710, 0.017409, 10.149821, 47.533424
2, 63051499, 128347640, 0.037549, 0.002201, 10.328563, 47.533376
3, 63356688, 123446481, 0.028431, 0.015311, 10.141953, 47.533384
4, 58638305, 120150533, 0.015298, 0.015336, 10.578392, 47.533228
5, 62851087, 122686270, 0.042029, 0.017319, 10.468720, 47.533305
6, 61687527, 126716404, 0.068412, 0.002191, 10.474339, 47.518620
7, 67445288, 127920068, 0.003102, 0.029552, 10.071397, 47.533215
Sum of page ranks : 13887925.279471
Time taken (in seconds) : 47.535031


--- Contents of slurm-190976.out ---
Running page_rank_push_parallel_atomic with 8 Threads: Iteration 2
Using DOUBLE
Number of Threads : 8
Strategy : 4
Granularity : 10
Iterations: 20
Reading graph
Created graph
thread_id, num_vertices, num_edges, barrier1_time, barrier2_time, getNextVertex_time, total_time
0, 60902376, 125935518, 0.070167, 0.098616, 2.681193, 49.397217
1, 63499200, 127401423, 0.040302, 0.012285, 2.844311, 49.397158
2, 62348497, 117807452, 0.047945, 0.012103, 2.862115, 49.396995
3, 62586167, 127086512, 0.044932, 0.039393, 2.786251, 49.396910
4, 62738705, 122467012, 0.015948, 0.049205, 2.772504, 49.396794
5, 61686576, 129115896, 0.056460, 0.061979, 2.958607, 49.396643
6, 60231729, 121817433, 0.027086, 0.011971, 2.715110, 49.396518
7, 66006730, 128368754, 0.024354, 0.044922, 2.941586, 49.396012
Sum of page ranks : 13887925.279471
Time taken (in seconds) : 49.398811


--- Contents of slurm-190977.out ---
Running page_rank_pull_parallel with 8 Threads: Iteration 2
Using DOUBLE
Number of Threads : 8
Strategy : 4
Granularity : 100
Iterations: 20
Reading graph
Created graph
thread_id, num_vertices, num_edges, barrier1_time, barrier2_time, getNextVertex_time, total_time
0, 67307396, 125165367, 0.017280, 0.018116, 0.732488, 25.452369
1, 62270499, 121768642, 0.014243, 0.030741, 0.764341, 25.452322
2, 62942198, 127261535, 0.002217, 0.003551, 0.755371, 25.452253
3, 56556296, 132272460, 0.052808, 0.032011, 0.856431, 25.452269
4, 62445197, 126130374, 0.016191, 0.034877, 0.875916, 25.452136
5, 63899398, 125273975, 0.015807, 0.020139, 0.769208, 25.452178
6, 63691496, 122647110, 0.041809, 0.016695, 0.758740, 25.435567
7, 60887500, 119480537, 0.020558, 0.003017, 0.778946, 25.452102
Sum of page ranks : 13887925.279471
Time taken (in seconds) : 25.453829


--- Contents of slurm-190978.out ---
Running page_rank_push_parallel_atomic with 8 Threads: Iteration 2
Using DOUBLE
Number of Threads : 8
Strategy : 4
Granularity : 100
Iterations: 20
Reading graph
Created graph
thread_id, num_vertices, num_edges, barrier1_time, barrier2_time, getNextVertex_time, total_time
0, 64040799, 129648590, 0.001900, 0.030870, 0.346626, 37.122767
1, 63149296, 128693164, 0.044072, 0.003145, 0.284505, 37.122823
2, 67686997, 130543357, 0.015943, 0.002679, 0.281239, 37.122692
3, 63622798, 129161874, 0.039832, 0.002732, 0.326948, 37.122656
4, 62791599, 119025995, 0.030328, 0.015152, 0.321170, 37.122519
5, 57538695, 116439667, 0.055605, 0.014974, 0.301950, 37.122570
6, 57666497, 123695741, 0.073877, 0.002702, 0.294770, 37.108563
7, 63503299, 122791612, 0.035090, 0.017557, 0.283020, 37.096584
Sum of page ranks : 13887925.279471
Time taken (in seconds) : 37.123875


--- Contents of slurm-190982.out ---
Running page_rank_pull_parallel with 8 Threads: Iteration 2
Using DOUBLE
Number of Threads : 8
Strategy : 4
Granularity : 1000
Iterations: 20
Reading graph
Created graph
thread_id, num_vertices, num_edges, barrier1_time, barrier2_time, getNextVertex_time, total_time
0, 56004994, 120336990, 0.038773, 0.047538, 0.056436, 23.419570
1, 61106000, 117118779, 0.018598, 0.071522, 0.077179, 23.419565
2, 58997995, 123474640, 0.067000, 0.007412, 0.052539, 23.419524
3, 72614997, 120378930, 0.048616, 0.034785, 0.076644, 23.419410
4, 65793999, 127711215, 0.004857, 0.023280, 0.056043, 23.419218
5, 58902000, 132721619, 0.004764, 0.019994, 0.055077, 23.419145
6, 67825997, 135247345, 0.030909, 0.007323, 0.057824, 23.418944
7, 58753998, 123010482, 0.004288, 0.007201, 0.066689, 23.418796
Sum of page ranks : 13887925.279471
Time taken (in seconds) : 23.421179


--- Contents of slurm-190983.out ---
Running page_rank_push_parallel_atomic with 8 Threads: Iteration 2
Using DOUBLE
Number of Threads : 8
Strategy : 4
Granularity : 1000
Iterations: 20
Reading graph
Created graph
thread_id, num_vertices, num_edges, barrier1_time, barrier2_time, getNextVertex_time, total_time
0, 65717000, 122643685, 0.018788, 0.003497, 0.025651, 35.858857
1, 66094993, 123039891, 0.029531, 0.037163, 0.025676, 35.858817
2, 60814997, 128425263, 0.050040, 0.071339, 0.026836, 35.858651
3, 62360997, 124093390, 0.055839, 0.015651, 0.049202, 35.858547
4, 65491998, 124082125, 0.031227, 0.043579, 0.041750, 35.858355
5, 64998997, 134222720, 0.041681, 0.027562, 0.027025, 35.858272
6, 53308999, 112939838, 0.027768, 0.032335, 0.047002, 35.858093
7, 61211999, 130553088, 0.086534, 0.039233, 0.026913, 35.842563
Sum of page ranks : 13887925.279471
Time taken (in seconds) : 35.860489


--- Contents of slurm-190987.out ---
Running page_rank_pull_parallel with 8 Threads: Iteration 2
Using DOUBLE
Number of Threads : 8
Strategy : 4
Granularity : 2000
Iterations: 20
Reading graph
Created graph
thread_id, num_vertices, num_edges, barrier1_time, barrier2_time, getNextVertex_time, total_time
0, 58095998, 120531575, 0.031674, 0.029854, 0.035732, 25.643749
1, 57747998, 121058484, 0.033651, 0.054763, 0.024011, 25.643690
2, 59625998, 128327768, 0.021128, 0.001905, 0.024480, 25.643658
3, 65845999, 123314275, 0.074918, 0.091391, 0.025073, 25.643619
4, 67855997, 123136161, 0.180053, 0.081258, 0.025435, 25.643511
5, 62455996, 134185548, 0.071482, 0.041455, 0.029413, 25.643542
6, 65271997, 115127476, 0.038531, 0.089535, 0.024032, 25.642929
7, 63099997, 134318713, 0.033981, 0.011314, 0.026096, 25.642876
Sum of page ranks : 13887925.279471
Time taken (in seconds) : 25.645125


--- Contents of slurm-190988.out ---
Running page_rank_push_parallel_atomic with 8 Threads: Iteration 2
Using DOUBLE
Number of Threads : 8
Strategy : 4
Granularity : 2000
Iterations: 20
Reading graph
Created graph
thread_id, num_vertices, num_edges, barrier1_time, barrier2_time, getNextVertex_time, total_time
0, 61833997, 123755436, 0.091692, 0.049947, 0.014570, 37.653898
1, 64605998, 123928835, 0.070720, 0.049472, 0.015113, 37.653821
2, 71921997, 144845910, 0.039186, 0.025563, 0.017396, 37.653820
3, 56525999, 115845251, 0.087473, 0.075679, 0.013253, 37.653761
4, 58317998, 111819239, 0.123487, 0.069619, 0.013174, 37.653893
5, 71775998, 140967563, 0.052366, 0.003021, 0.017040, 37.653626
6, 49581999, 99718101, 0.107067, 0.057038, 0.011354, 37.640344
7, 65435994, 139119665, 0.045441, 0.042053, 0.016132, 37.628293
Sum of page ranks : 13887925.279471
Time taken (in seconds) : 37.655157


--- Contents of slurm-190989.out ---
Running page_rank_pull_parallel with 8 Threads: Iteration 3
Using DOUBLE
Number of Threads : 8
Strategy : 4
Granularity : 10
Iterations: 20
Reading graph
Created graph
thread_id, num_vertices, num_edges, barrier1_time, barrier2_time, getNextVertex_time, total_time
0, 59862467, 112993680, 0.054778, 0.026735, 9.318947, 49.597061
1, 69807908, 133636542, 0.002858, 0.029716, 9.465157, 49.597004
2, 63606158, 129228214, 0.011654, 0.031583, 9.470127, 49.596958
3, 64936908, 119391910, 0.026913, 0.041828, 9.397284, 49.596982
4, 59226166, 133668795, 0.044717, 0.045974, 9.712413, 49.596822
5, 70565020, 133512764, 0.024492, 0.002122, 9.255762, 49.596864
6, 54386095, 117545800, 0.080071, 0.091082, 9.641657, 49.578797
7, 57609258, 120022295, 0.090476, 0.044762, 9.722142, 49.596784
Sum of page ranks : 13887925.279471
Time taken (in seconds) : 49.598499


--- Contents of slurm-190990.out ---
Running page_rank_push_parallel_atomic with 8 Threads: Iteration 3
Using DOUBLE
Number of Threads : 8
Strategy : 4
Granularity : 10
Iterations: 20
Reading graph
Created graph
thread_id, num_vertices, num_edges, barrier1_time, barrier2_time, getNextVertex_time, total_time
0, 70398399, 137156438, 0.002501, 0.015700, 2.865866, 53.017910
1, 62495877, 123993661, 0.024173, 0.053219, 2.890802, 53.017901
2, 66563936, 131351977, 0.038230, 0.026475, 3.096292, 53.017713
3, 57764536, 118698793, 0.082547, 0.058827, 3.047104, 53.017679
4, 59257447, 113998331, 0.048476, 0.075638, 3.162398, 53.017473
5, 54028068, 119382561, 0.083729, 0.074006, 3.363379, 53.017412
6, 55584118, 116632722, 0.131164, 0.037446, 3.017648, 53.017239
7, 73907599, 138785517, 0.002472, 0.011844, 2.782780, 53.017060
Sum of page ranks : 13887925.279471
Time taken (in seconds) : 53.019317


--- Contents of slurm-190992.out ---
Running page_rank_pull_parallel with 8 Threads: Iteration 3
Using DOUBLE
Number of Threads : 8
Strategy : 4
Granularity : 100
Iterations: 20
Reading graph
Created graph
thread_id, num_vertices, num_edges, barrier1_time, barrier2_time, getNextVertex_time, total_time
0, 59813197, 106678182, 0.125821, 0.064574, 0.763833, 26.869302
1, 57405698, 115420074, 0.062697, 0.056298, 0.820506, 26.869236
2, 70019095, 132428103, 0.014635, 0.015077, 0.792475, 26.869190
3, 66995898, 141679556, 0.017843, 0.039886, 0.844816, 26.869109
4, 60235199, 118413027, 0.057577, 0.040556, 0.884676, 26.868838
5, 63921897, 139301205, 0.053520, 0.022247, 0.819611, 26.868673
6, 61334897, 129478926, 0.097070, 0.002294, 0.876277, 26.868466
7, 60274099, 116600927, 0.024611, 0.069082, 0.775552, 26.868341
Sum of page ranks : 13887925.279471
Time taken (in seconds) : 26.870925


--- Contents of slurm-190993.out ---
Running page_rank_push_parallel_atomic with 8 Threads: Iteration 3
Using DOUBLE
Number of Threads : 8
Strategy : 4
Granularity : 100
Iterations: 20
Reading graph
Created graph
thread_id, num_vertices, num_edges, barrier1_time, barrier2_time, getNextVertex_time, total_time
0, 64989998, 127504006, 0.044403, 0.032140, 0.314830, 38.889963
1, 68078898, 134570749, 0.006327, 0.003210, 0.288805, 38.889937
2, 71989097, 141532804, 0.015473, 0.003484, 0.270067, 38.889873
3, 53073696, 113145198, 0.084871, 0.031069, 0.334735, 38.889890
4, 56780797, 106746602, 0.085581, 0.016868, 0.336475, 38.889770
5, 70671497, 141157105, 0.045503, 0.015867, 0.293002, 38.889772
6, 48193099, 104032825, 0.085321, 0.057055, 0.321967, 38.874203
7, 66222898, 131310711, 0.047801, 0.018213, 0.283468, 38.889294
Sum of page ranks : 13887925.279471
Time taken (in seconds) : 38.891511


--- Contents of slurm-190994.out ---
Running page_rank_pull_parallel with 8 Threads: Iteration 3
Using DOUBLE
Number of Threads : 8
Strategy : 4
Granularity : 1000
Iterations: 20
Reading graph
Created graph
thread_id, num_vertices, num_edges, barrier1_time, barrier2_time, getNextVertex_time, total_time
0, 60979995, 128869974, 0.039535, 0.025634, 0.076917, 25.954911
1, 64283997, 138256044, 0.061830, 0.015081, 0.055195, 25.954804
2, 64498999, 127575639, 0.065796, 0.015272, 0.084860, 25.955154
3, 64055997, 109185937, 0.044951, 0.046967, 0.081474, 25.954793
4, 55376000, 114723098, 0.094315, 0.078382, 0.057568, 25.954667
5, 60350997, 134517693, 0.017220, 0.023993, 0.056164, 25.954721
6, 71838998, 129101419, 0.078165, 0.089481, 0.086524, 25.941960
7, 58614997, 117770196, 0.069542, 0.045211, 0.049904, 25.954660
Sum of page ranks : 13887925.279471
Time taken (in seconds) : 25.956286


--- Contents of slurm-190995.out ---
Running page_rank_push_parallel_atomic with 8 Threads: Iteration 3
Using DOUBLE
Number of Threads : 8
Strategy : 4
Granularity : 1000
Iterations: 20
Reading graph
Created graph
thread_id, num_vertices, num_edges, barrier1_time, barrier2_time, getNextVertex_time, total_time
0, 63181997, 119043192, 0.022424, 0.039555, 0.025227, 35.751587
1, 65111998, 127430778, 0.028628, 0.017982, 0.026886, 35.751512
2, 60461998, 119198815, 0.036280, 0.020421, 0.025142, 35.751496
3, 62255998, 122541748, 0.061261, 0.004891, 0.051244, 35.751473
4, 64292996, 123716481, 0.057071, 0.019042, 0.042676, 35.751345
5, 60514997, 130795319, 0.050892, 0.022655, 0.027272, 35.751299
6, 63840000, 126923150, 0.034218, 0.042355, 0.025778, 35.736365
7, 60339996, 130350517, 0.019619, 0.027897, 0.026179, 35.751355
Sum of page ranks : 13887925.279471
Time taken (in seconds) : 35.752465


--- Contents of slurm-190996.out ---
Running page_rank_pull_parallel with 8 Threads: Iteration 3
Using DOUBLE
Number of Threads : 8
Strategy : 4
Granularity : 2000
Iterations: 20
Reading graph
Created graph
thread_id, num_vertices, num_edges, barrier1_time, barrier2_time, getNextVertex_time, total_time
0, 54361997, 114395666, 0.077830, 0.080310, 0.023663, 24.748255
1, 60760000, 129318898, 0.045226, 0.040170, 0.025700, 24.748267
2, 67465995, 127912190, 0.033145, 0.002041, 0.042963, 24.748146
3, 58371999, 124352272, 0.060437, 0.037825, 0.025250, 24.748093
4, 64137998, 131197355, 0.042473, 0.002149, 0.026523, 24.747995
5, 67985997, 113807305, 0.057014, 0.072277, 0.025646, 24.748063
6, 67105995, 123017668, 0.072114, 0.069665, 0.026439, 24.747933
7, 59809999, 135998646, 0.017799, 0.014452, 0.026820, 24.747450
Sum of page ranks : 13887925.279471
Time taken (in seconds) : 24.749748


--- Contents of slurm-191000.out ---
Running page_rank_push_parallel_atomic with 8 Threads: Iteration 3
Using DOUBLE
Number of Threads : 8
Strategy : 4
Granularity : 2000
Iterations: 20
Reading graph
Created graph
thread_id, num_vertices, num_edges, barrier1_time, barrier2_time, getNextVertex_time, total_time
0, 78817997, 148315207, 0.011557, 0.004080, 0.016474, 39.984176
1, 54773998, 107367337, 0.053561, 0.049569, 0.012455, 39.984146
2, 68077998, 132735793, 0.058396, 0.023071, 0.014725, 39.984256
3, 55483997, 122058890, 0.106730, 0.089198, 0.053254, 39.967551
4, 63411997, 131840941, 0.099827, 0.126780, 0.014526, 39.983780
5, 52819997, 106404626, 0.084758, 0.116382, 0.012272, 39.963527
6, 55931999, 110667941, 0.101948, 0.107092, 0.012720, 39.975558
7, 70681997, 140609265, 0.053627, 0.050788, 0.031347, 39.983606
Sum of page ranks : 13887925.279471
Time taken (in seconds) : 39.985666


