--- Contents of slurm-190892.out ---
/home/bsb10/cmpt431_A4/./page_rank_pull_parallel: /lib/x86_64-linux-gnu/libc.so.6: version `GLIBC_2.32' not found (required by /home/bsb10/cmpt431_A4/./page_rank_pull_parallel)
/home/bsb10/cmpt431_A4/./page_rank_pull_parallel: /lib/x86_64-linux-gnu/libc.so.6: version `GLIBC_2.34' not found (required by /home/bsb10/cmpt431_A4/./page_rank_pull_parallel)
/home/bsb10/cmpt431_A4/./page_rank_pull_parallel: /usr/lib/x86_64-linux-gnu/libstdc++.so.6: version `GLIBCXX_3.4.29' not found (required by /home/bsb10/cmpt431_A4/./page_rank_pull_parallel)
/home/bsb10/cmpt431_A4/./page_rank_pull_parallel: /usr/lib/x86_64-linux-gnu/libstdc++.so.6: version `GLIBCXX_3.4.30' not found (required by /home/bsb10/cmpt431_A4/./page_rank_pull_parallel)
srun: error: cs-cloud-01: task 0: Exited with exit code 1
/home/bsb10/cmpt431_A4/./page_rank_pull_parallel: /lib/x86_64-linux-gnu/libc.so.6: version `GLIBC_2.32' not found (required by /home/bsb10/cmpt431_A4/./page_rank_pull_parallel)
/home/bsb10/cmpt431_A4/./page_rank_pull_parallel: /lib/x86_64-linux-gnu/libc.so.6: version `GLIBC_2.34' not found (required by /home/bsb10/cmpt431_A4/./page_rank_pull_parallel)
/home/bsb10/cmpt431_A4/./page_rank_pull_parallel: /usr/lib/x86_64-linux-gnu/libstdc++.so.6: version `GLIBCXX_3.4.29' not found (required by /home/bsb10/cmpt431_A4/./page_rank_pull_parallel)
/home/bsb10/cmpt431_A4/./page_rank_pull_parallel: /usr/lib/x86_64-linux-gnu/libstdc++.so.6: version `GLIBCXX_3.4.30' not found (required by /home/bsb10/cmpt431_A4/./page_rank_pull_parallel)
srun: error: cs-cloud-01: task 0: Exited with exit code 1


--- Contents of slurm-190893.out ---
slurmstepd-cs-cloud-01: error: execve(): /home/bsb10/cmpt431_A4/./page_rank_pull_parallel: No such file or directory
srun: error: cs-cloud-01: task 0: Exited with exit code 2
slurmstepd-cs-cloud-01: error: execve(): /home/bsb10/cmpt431_A4/./page_rank_pull_parallel: No such file or directory
srun: error: cs-cloud-01: task 0: Exited with exit code 2


--- Contents of slurm-190894.out ---
Using DOUBLE
Number of Threads : 4
Strategy : 4
Granularity : 1
Iterations: 20
Reading graph
Created graph
thread_id, num_vertices, num_edges, barrier1_time, barrier2_time, getNextVertex_time, total_time
0, 126288776, 255566996, 0.001857, 0.001931, 117.561603, 293.781492
1, 123600725, 244468017, 0.001606, 0.001655, 117.929892, 293.781424
2, 123732468, 244306740, 0.001588, 0.001677, 117.841649, 293.781411
3, 126378011, 255658247, 0.001849, 0.001895, 117.452261, 293.781408
Sum of page ranks : 13887925.279471
Time taken (in seconds) : 293.782153
Using DOUBLE
Number of Threads : 4
Strategy : 1
Granularity : 1
Iterations: 20
Reading graph
Created graph
thread_id, num_vertices, num_edges, barrier1_time, barrier2_time, getNextVertex_time, total_time
0, 125000040, 256404560, 3.032137, 0.173748, 0.000000, 42.636148
1, 124999980, 252075960, 0.102005, 0.310261, 0.000000, 42.636131
2, 124999980, 245730660, 0.572165, 0.374455, 0.000000, 42.636100
3, 124999980, 245788820, 4.381199, 0.314446, 0.000000, 42.636073
Sum of page ranks : 13887925.279471
Time taken (in seconds) : 42.636972


--- Contents of slurm-190895.out ---
Running page_rank_pull_parallel with 8 Threads: Iteration 1
slurmstepd-cs-cloud-01: error: execve(): /home/bsb10/page_rank_pull_parallel: No such file or directory
srun: error: cs-cloud-01: task 0: Exited with exit code 2


--- Contents of slurm-190896.out ---
Running page_rank_push_parallel_atomic with 8 Threads: Iteration 1
slurmstepd-cs-cloud-01: error: execve(): /home/bsb10/page_rank_push_parallel_atomic: No such file or directory
srun: error: cs-cloud-01: task 0: Exited with exit code 2


--- Contents of slurm-190897.out ---
Running page_rank_pull_parallel with 8 Threads: Iteration 1
slurmstepd-cs-cloud-01: error: execve(): /home/bsb10/page_rank_pull_parallel: No such file or directory
srun: error: cs-cloud-01: task 0: Exited with exit code 2


--- Contents of slurm-190898.out ---
Running page_rank_push_parallel_atomic with 8 Threads: Iteration 1
slurmstepd-cs-cloud-01: error: execve(): /home/bsb10/page_rank_push_parallel_atomic: No such file or directory
srun: error: cs-cloud-01: task 0: Exited with exit code 2


--- Contents of slurm-190899.out ---
Running page_rank_pull_parallel with 8 Threads: Iteration 1
slurmstepd-cs-cloud-01: error: execve(): /home/bsb10/page_rank_pull_parallel: No such file or directory
srun: error: cs-cloud-01: task 0: Exited with exit code 2


--- Contents of slurm-190900.out ---
Running page_rank_push_parallel_atomic with 8 Threads: Iteration 1
slurmstepd-cs-cloud-01: error: execve(): /home/bsb10/page_rank_push_parallel_atomic: No such file or directory
srun: error: cs-cloud-01: task 0: Exited with exit code 2


--- Contents of slurm-190901.out ---
Running page_rank_pull_parallel with 8 Threads: Iteration 1
slurmstepd-cs-cloud-01: error: execve(): /home/bsb10/page_rank_pull_parallel: No such file or directory
srun: error: cs-cloud-01: task 0: Exited with exit code 2


--- Contents of slurm-190902.out ---
Running page_rank_push_parallel_atomic with 8 Threads: Iteration 1
slurmstepd-cs-cloud-01: error: execve(): /home/bsb10/page_rank_push_parallel_atomic: No such file or directory
srun: error: cs-cloud-01: task 0: Exited with exit code 2


--- Contents of slurm-190903.out ---
Running page_rank_pull_parallel with 8 Threads: Iteration 2
slurmstepd-cs-cloud-01: error: execve(): /home/bsb10/page_rank_pull_parallel: No such file or directory
srun: error: cs-cloud-01: task 0: Exited with exit code 2


--- Contents of slurm-190904.out ---
Running papage_rank_pull_parallel: /lib/x86_64-linux-gnu/libc.so.6: version `GLIBC_2.34' not found (required by /home/bsb10/cmpt431_A4/./page_rank_pull_parallel)
/home/bsb10/cmpt431_A4/./page_rank_pull_parallel: /usr/lib/x86_64-linux-gnu/libstdc++.so.6: version `GLIBCXX_3.4.29' not found (required by /home/bsb10/cmpt431_A4/./page_rank_pull_parallel)
/home/bsb10/cmpt431_A4/./page_rank_pull_parallel: /usr/lib/x86_64-linux-gnu/libstdc++.so.6: version `GLIBCXX_3.4.30' not found (required by /home/bsb10/cmpt431_A4/./page_rank_pull_parallel)
srun: error: cs-cloud-01: task 0: Exited with exit code 1
/home/bsb10/cmpt431_A4/./page_rank_pull_parallel: /lib/x86_64-linux-gnu/libc.so.6: version `GLIBC_2.32' not found (required by /home/bsb10/cmpt431_A4/./page_rank_pull_parallel)
/home/bsb10/cmpt431_A4/./page_rank_pull_parallel: /lib/x86_64-linux-gnu/libc.so.6: version `GLIBC_2.34' not found (required by /home/bsb10/cmpt431_A4/./page_rank_pull_parallel)
/home/bsb10/cmpt431_A4/./page_rank_pull_parallel: /usr/lib/x86_64-linux-gnu/libstdc++.so.6: version `GLIBCXX_3.4.29' not found (required by /home/bsb10/cmpt431_A4/./page_rank_pull_parallel)
/home/bsb10/cmpt431_A4/./page_rank_pull_parallel: /usr/lib/x86_64-linux-gnu/libstdc++.so.6: version `GLIBCXX_3.4.30' not found (required by /home/bsb10/cmpt431_A4/./page_rank_pull_parallel)
srun: error: cs-cloud-01: task 0: Exitege_rank_push_parallel_atomic with 8 Threads: Iteration 2
slurmstepd-cs-cloud-01: error: execve(): /home/bsb10/page_rank_push_parallel_atomic: No such file or directory
srun: error: cs-cloud-01: task 0: Exited with exit code 2


--- Contents of slurm-190905.out ---
Running page_rank_pull_parallel with 8 Threads: Iteration 2
slurmstepd-cs-cloud-01: error: execve(): /home/bsb10/page_rank_pull_parallel: No such file or directory
srun: error: cs-cloud-01: task 0: Exited with exit code 2


--- Contents of slurm-190906.out ---
Running page_rank_push_parallel_atomic with 8 Threads: Iteration 2
slurmstepd-cs-cloud-01: error: execve(): /home/bsb10/page_rank_push_parallel_atomic: No such file or directory
srun: error: cs-cloud-01: task 0: Exited with exit code 2


--- Contents of slurm-190907.out ---
Running page_rank_pull_parallel with 8 Threads: Iteration 2
slurmstepd-cs-cloud-01: error: execve(): /home/bsb10/page_rank_pull_parallel: No such file or directory
srun: error: cs-cloud-01: task 0: Exited with exit code 2


--- Contents of slurm-190908.out ---
Running page_rank_push_parallel_atomic with 8 Threads: Iteration 2
slurmstepd-cs-cloud-01: error: execve(): /home/bsb10/page_rank_push_parallel_atomic: No such file or directory
srun: error: cs-cloud-01: task 0: Exited with exit code 2


--- Contents of slurm-190909.out ---
Running page_rank_pull_parallel with 8 Threads: Iteration 2
slurmstepd-cs-cloud-01: error: execve(): /home/bsb10/page_rank_pull_parallel: No such file or directory
srun: error: cs-cloud-01: task 0: Exited with exit code 2


--- Contents of slurm-190910.out ---
Running page_rank_push_parallel_atomic with 8 Threads: Iteration 2
slurmstepd-cs-cloud-01: error: execve(): /home/bsb10/page_rank_push_parallel_atomic: No such file or directory
srun: error: cs-cloud-01: task 0: Exited with exit code 2


--- Contents of slurm-190911.out ---
Running page_rank_pull_parallel with 8 Threads: Iteration 3
slurmstepd-cs-cloud-01: error: execve(): /home/bsb10/page_rank_pull_parallel: No such file or directory
srun: error: cs-cloud-01: task 0: Exited with exit code 2


--- Contents of slurm-190912.out ---
Running page_rank_push_parallel_atomic with 8 Threads: Iteration 3
slurmstepd-cs-cloud-01: error: execve(): /home/bsb10/page_rank_push_parallel_atomic: No such file or directory
srun: error: cs-cloud-01: task 0: Exited with exit code 2


--- Contents of slurm-190913.out ---
Running page_rank_pull_parallel with 8 Threads: Iteration 3
slurmstepd-cs-cloud-01: error: execve(): /home/bsb10/page_rank_pull_parallel: No such file or directory
srun: error: cs-cloud-01: task 0: Exited with exit code 2


--- Contents of slurm-190914.out ---
Running page_rank_push_parallel_atomic with 8 Threads: Iteration 3
slurmstepd-cs-cloud-01: error: execve(): /home/bsb10/page_rank_push_parallel_atomic: No such file or directory
srun: error: cs-cloud-01: task 0: Exited with exit code 2


--- Contents of slurm-190915.out ---
Running page_rank_pull_parallel with 8 Threads: Iteration 3
slurmstepd-cs-cloud-01: error: execve(): /home/bsb10/page_rank_pull_parallel: No such file or directory
srun: error: cs-cloud-01: task 0: Exited with exit code 2


--- Contents of slurm-190916.out ---
Running page_rank_push_parallel_atomic with 8 Threads: Iteration 3
slurmstepd-cs-cloud-01: error: execve(): /home/bsb10/page_rank_push_parallel_atomic: No such file or directory
srun: error: cs-cloud-01: task 0: Exited with exit code 2


--- Contents of slurm-190917.out ---
Running page_rank_pull_parallel with 8 Threads: Iteration 3
slurmstepd-cs-cloud-01: error: execve(): /home/bsb10/page_rank_pull_parallel: No such file or directory
srun: error: cs-cloud-01: task 0: Exited with exit code 2


--- Contents of slurm-190918.out ---
Running page_rank_push_parallel_atomic with 8 Threads: Iteration 3
slurmstepd-cs-cloud-01: error: execve(): /home/bsb10/page_rank_push_parallel_atomic: No such file or directory
srun: error: cs-cloud-01: task 0: Exited with exit code 2


