--- Contents of slurm-190215.out ---
Running page_rank_pull_parallel with 8 Threads: Iteration 1
Using DOUBLE
Number of Threads : 8
Strategy : 4
Granularity : 10
Iterations: 20
Reading graph
Created graph
thread_id, num_vertices, num_edges, barrier1_time, barrier2_time, getNextVertex_time, total_time
0, 63637577, 124840694, 0.001814, 0.001932, 2.826073, 36.103271
1, 63602007, 124889180, 0.001884, 0.001804, 2.826185, 36.103195
2, 63458537, 124758464, 0.001819, 0.001845, 2.823379, 36.103154
3, 59415609, 125659633, 0.002130, 0.002073, 2.896771, 36.103099
4, 60448908, 126050938, 0.002110, 0.001962, 2.894070, 36.103015
5, 62063367, 125200250, 0.001897, 0.001926, 2.839637, 36.103014
6, 63668439, 124438007, 0.001990, 0.001839, 2.824315, 36.087564
7, 63705536, 124162834, 0.001894, 0.001837, 2.823927, 36.075551
Sum of page ranks : 13887925.279471
Time taken (in seconds) : 36.104637


--- Contents of slurm-190216.out ---
Running page_rank_push_parallel_atomic with 8 Threads: Iteration 1
Using DOUBLE
Number of Threads : 8
Strategy : 4
Granularity : 10
Iterations: 20
Reading graph
Created graph
thread_id, num_vertices, num_edges, barrier1_time, barrier2_time, getNextVertex_time, total_time
0, 63644808, 122843238, 0.002288, 0.001791, 2.441839, 44.496943
1, 59552390, 129675426, 0.002364, 0.001975, 2.676584, 44.496846
2, 63822348, 123028713, 0.002212, 0.001849, 2.450292, 44.496834
3, 63718496, 122837772, 0.002208, 0.001923, 2.446811, 44.496817
4, 63083542, 124905316, 0.002178, 0.001719, 2.472455, 44.496662
5, 59680619, 129149630, 0.002353, 0.001951, 2.658135, 44.496696
6, 62738169, 124798119, 0.002206, 0.001777, 2.496953, 44.482524
7, 63759608, 122761786, 0.002192, 0.001806, 2.443947, 44.496652
Sum of page ranks : 13887925.279471
Time taken (in seconds) : 44.498138


--- Contents of slurm-190217.out ---
Running page_rank_pull_parallel with 8 Threads: Iteration 1
Using DOUBLE
Number of Threads : 8
Strategy : 4
Granularity : 100
Iterations: 20
Reading graph
Created graph
thread_id, num_vertices, num_edges, barrier1_time, barrier2_time, getNextVertex_time, total_time
0, 60427797, 124430978, 0.002324, 0.002135, 0.377126, 23.592947
1, 57633097, 124078288, 0.002236, 0.002003, 0.360411, 23.592870
2, 68250898, 126599550, 0.002429, 0.002316, 0.342064, 23.592879
3, 63149498, 123013865, 0.002334, 0.002162, 0.355002, 23.592821
4, 62492799, 123686208, 0.002428, 0.002143, 0.353788, 23.592687
5, 65418998, 127429908, 0.002457, 0.002301, 0.332183, 23.592782
6, 61276697, 125083277, 0.002274, 0.002104, 0.356017, 23.580584
7, 61350196, 125677926, 0.002323, 0.002138, 0.356426, 23.592685
Sum of page ranks : 13887925.279471
Time taken (in seconds) : 23.594291


--- Contents of slurm-190218.out ---
Running page_rank_push_parallel_atomic with 8 Threads: Iteration 1
Using DOUBLE
Number of Threads : 8
Strategy : 4
Granularity : 100
Iterations: 20
Reading graph
Created graph
thread_id, num_vertices, num_edges, barrier1_time, barrier2_time, getNextVertex_time, total_time
0, 61954296, 122326586, 0.001693, 0.001681, 0.224255, 32.324899
1, 63396599, 130009756, 0.001927, 0.001945, 0.261976, 32.324864
2, 61964698, 122375238, 0.001797, 0.001734, 0.224987, 32.324809
3, 62802098, 124622427, 0.001784, 0.001744, 0.261064, 32.324790
4, 64038299, 135180035, 0.001861, 0.001994, 0.275682, 32.324710
5, 61969894, 122384035, 0.001698, 0.001559, 0.224818, 32.324715
6, 61811197, 121790314, 0.001561, 0.001621, 0.223948, 32.310457
7, 62062899, 121311609, 0.001527, 0.001711, 0.225123, 32.298457
Sum of page ranks : 13887925.279471
Time taken (in seconds) : 32.326309


--- Contents of slurm-190220.out ---
Running page_rank_pull_parallel with 8 Threads: Iteration 1
Using DOUBLE
Number of Threads : 8
Strategy : 4
Granularity : 1000
Iterations: 20
Reading graph
Created graph
thread_id, num_vertices, num_edges, barrier1_time, barrier2_time, getNextVertex_time, total_time
0, 87567999, 121271323, 0.003733, 0.001900, 0.036068, 20.236076
1, 89034997, 120282209, 0.004089, 0.008702, 0.036131, 20.236024
2, 53884999, 126647472, 0.004423, 0.008421, 0.034276, 20.235910
3, 53998996, 127329246, 0.003454, 0.008442, 0.034126, 20.235820
4, 53843996, 125961314, 0.004422, 0.008486, 0.034046, 20.235620
5, 53908999, 126621883, 0.003214, 0.008485, 0.034511, 20.235492
6, 53883994, 125256317, 0.003386, 0.008496, 0.034010, 20.235375
7, 53876000, 126630236, 0.003087, 0.008384, 0.033765, 20.235214
Sum of page ranks : 13887925.279471
Time taken (in seconds) : 20.237443


--- Contents of slurm-190221.out ---
Running page_rank_push_parallel_atomic with 8 Threads: Iteration 1
Using DOUBLE
Number of Threads : 8
Strategy : 4
Granularity : 1000
Iterations: 20
Reading graph
Created graph
thread_id, num_vertices, num_edges, barrier1_time, barrier2_time, getNextVertex_time, total_time
0, 63007999, 128052863, 0.004104, 0.002202, 0.026649, 30.877117
1, 61912995, 121473797, 0.005376, 0.001759, 0.024919, 30.877109
2, 62047999, 121492029, 0.004126, 0.001932, 0.024652, 30.877072
3, 63434997, 132082693, 0.005208, 0.002049, 0.028581, 30.877051
4, 63682997, 133151991, 0.005231, 0.001981, 0.028594, 30.876873
5, 62045998, 121396866, 0.004447, 0.001953, 0.025111, 30.876978
6, 61810999, 120953043, 0.004563, 0.002102, 0.024961, 30.857878
7, 62055996, 121396718, 0.003216, 0.001657, 0.024703, 30.876908
Sum of page ranks : 13887925.279471
Time taken (in seconds) : 30.878479


--- Contents of slurm-190222.out ---
Running page_rank_pull_parallel with 8 Threads: Iteration 1
Using DOUBLE
Number of Threads : 8
Strategy : 4
Granularity : 2000
Iterations: 20
Reading graph
Created graph
thread_id, num_vertices, num_edges, barrier1_time, barrier2_time, getNextVertex_time, total_time
0, 55407997, 124783345, 0.007394, 0.001534, 0.019212, 22.047457
1, 55975997, 124527600, 0.013949, 0.001529, 0.019232, 22.047392
2, 55365999, 124115817, 0.008558, 0.001645, 0.019305, 22.047359
3, 53613996, 123173460, 0.011799, 0.001529, 0.019052, 22.047328
4, 87107998, 130953414, 0.011460, 0.001744, 0.019113, 22.047153
5, 52959998, 120707109, 0.012450, 0.001531, 0.018546, 22.047249
6, 87687996, 126857521, 0.012833, 0.001836, 0.019021, 22.031954
7, 51879999, 124881734, 0.010997, 0.001568, 0.019201, 22.020012
Sum of page ranks : 13887925.279471
Time taken (in seconds) : 22.048573


--- Contents of slurm-190223.out ---
Running page_rank_push_parallel_atomic with 8 Threads: Iteration 1
Using DOUBLE
Number of Threads : 8
Strategy : 4
Granularity : 2000
Iterations: 20
Reading graph
Created graph
thread_id, num_vertices, num_edges, barrier1_time, barrier2_time, getNextVertex_time, total_time
0, 58519996, 115748090, 0.010906, 0.002914, 0.013166, 32.312565
1, 61303997, 117902690, 0.009605, 0.002751, 0.028726, 32.312510
2, 57530000, 120176570, 0.010020, 0.003021, 0.012623, 32.312508
3, 62801997, 127764469, 0.006674, 0.002912, 0.013046, 32.312191
4, 64269998, 130789951, 0.008774, 0.002356, 0.013156, 32.312149
5, 66251998, 129672920, 0.006734, 0.002775, 0.013422, 32.311958
6, 64425998, 128159000, 0.008593, 0.003070, 0.030055, 32.311930
7, 64895996, 129786310, 0.009019, 0.002975, 0.013502, 32.297390
Sum of page ranks : 13887925.279471
Time taken (in seconds) : 32.314440


--- Contents of slurm-190224.out ---
Running page_rank_pull_parallel with 8 Threads: Iteration 2
Using DOUBLE
Number of Threads : 8
Strategy : 4
Granularity : 10
Iterations: 20
Reading graph
Created graph
thread_id, num_vertices, num_edges, barrier1_time, barrier2_time, getNextVertex_time, total_time
0, 62757367, 126142971, 0.001965, 0.001966, 2.945319, 33.889737
1, 62187377, 120534913, 0.002173, 0.002295, 2.949829, 33.889637
2, 62333298, 126631025, 0.002011, 0.001852, 2.953449, 33.889595
3, 62732978, 126698559, 0.002038, 0.001938, 2.948268, 33.889506
4, 62753939, 126485859, 0.001932, 0.001918, 2.953685, 33.889313
5, 62652975, 126687977, 0.002088, 0.001926, 2.976423, 33.889160
6, 62161648, 120404642, 0.002187, 0.002245, 2.952609, 33.888955
7, 62420398, 126414054, 0.002065, 0.001935, 2.942921, 33.888810
Sum of page ranks : 13887925.279471
Time taken (in seconds) : 33.890908


--- Contents of slurm-190225.out ---
Running page_rank_push_parallel_atomic with 8 Threads: Iteration 2
Using DOUBLE
Number of Threads : 8
Strategy : 4
Granularity : 10
Iterations: 20
Reading graph
Created graph
thread_id, num_vertices, num_edges, barrier1_time, barrier2_time, getNextVertex_time, total_time
0, 62689787, 120342411, 0.002151, 0.002059, 2.547992, 45.110783
1, 63382708, 127790163, 0.002155, 0.002162, 2.553976, 45.110705
2, 64940949, 130074362, 0.002239, 0.002144, 2.537979, 45.110551
3, 65329708, 128785185, 0.002232, 0.002121, 2.596219, 45.110605
4, 61254794, 122165767, 0.002167, 0.002187, 2.631775, 45.110557
5, 60828978, 118995368, 0.002128, 0.002167, 2.615219, 45.110518
6, 58422069, 121143441, 0.002322, 0.002185, 2.717520, 45.110371
7, 63150987, 130703303, 0.002191, 0.002126, 2.636278, 45.110222
Sum of page ranks : 13887925.279471
Time taken (in seconds) : 45.112297


--- Contents of slurm-190226.out ---
Running page_rank_pull_parallel with 8 Threads: Iteration 2
Using DOUBLE
Number of Threads : 8
Strategy : 4
Granularity : 100
Iterations: 20
Reading graph
Created graph
thread_id, num_vertices, num_edges, barrier1_time, barrier2_time, getNextVertex_time, total_time
0, 60249098, 123056891, 0.002201, 0.001965, 0.334979, 23.760468
1, 67619097, 126282547, 0.002353, 0.002212, 0.356425, 23.760392
2, 61730999, 124777723, 0.002301, 0.002028, 0.325185, 23.760364
3, 59777696, 124389354, 0.002290, 0.001915, 0.319116, 23.760297
4, 60171698, 125426909, 0.002239, 0.001955, 0.321771, 23.748234
5, 62104497, 124905806, 0.002287, 0.001956, 0.324790, 23.760198
6, 58755598, 122170732, 0.002189, 0.002106, 0.353142, 23.736211
7, 69591297, 128990038, 0.002300, 0.002226, 0.397123, 23.760193
Sum of page ranks : 13887925.279471
Time taken (in seconds) : 23.761744


--- Contents of slurm-190227.out ---
Running page_rank_push_parallel_atomic with 8 Threads: Iteration 2
Using DOUBLE
Number of Threads : 8
Strategy : 4
Granularity : 100
Iterations: 20
Reading graph
Created graph 47.166712
thread_id, num_vertices, num_edges, barrier1_time, barrier2_time, getNextVertex_time, total_time
0, 63166196, 125167738, 0.001549, 0.001864, 0.227511, 31.976860
1, 63088498, 124961323, 0.001499, 0.001896, 0.226743, 31.976815
2, 61657597, 124904102, 0.001417, 0.001775, 0.224057, 31.976786
3, 62698899, 124659420, 0.001496, 0.001798, 0.225266, 31.976772
4, 61782497, 125551760, 0.001592, 0.002028, 0.259484, 31.956668
5, 61182099, 125071705, 0.001627, 0.001982, 0.258406, 31.960660
6, 63166598, 125088640, 0.001550, 0.001850, 0.226792, 31.976638
7, 63257596, 124595312, 0.001453, 0.001765, 0.225525, 31.976619
Sum of page ranks : 13887925.279471
Time taken (in seconds) : 31.978067


--- Contents of slurm-190228.out ---
Running page_rank_pull_parallel with 8 Threads: Iteration 2
Using DOUBLE
Number of Threads : 8
Strategy : 4
Granularity : 1000
Iterations: 20
Reading graph
Created graph
thread_id, num_vertices, num_edges, barrier1_time, barrier2_time, getNextVertex_time, total_time
0, 60330000, 125586765, 0.003809, 0.001768, 0.037493, 20.223854
1, 66047995, 122479856, 0.003228, 0.001742, 0.035986, 20.223741
2, 54091998, 127135537, 0.003289, 0.001520, 0.037371, 20.223755
3, 54098998, 127302098, 0.003465, 0.001664, 0.037453, 20.223370
4, 54128000, 127283043, 0.003532, 0.001657, 0.037136, 20.223288
5, 73541996, 123479008, 0.003503, 0.001825, 0.036638, 20.222949
6, 54099000, 127131582, 0.003754, 0.001749, 0.036839, 20.222790
7, 83661993, 119602111, 0.003802, 0.001937, 0.035626, 20.197230
Sum of page ranks : 13887925.279471
Time taken (in seconds) : 20.225080


--- Contents of slurm-190229.out ---
Running page_rank_push_parallel_atomic with 8 Threads: Iteration 2
Using DOUBLE
Number of Threads : 8
Strategy : 4
Granularity : 1000
Iterations: 20
Reading graph
Created graph
thread_id, num_vertices, num_edges, barrier1_time, barrier2_time, getNextVertex_time, total_time
0, 62290998, 122267907, 0.004762, 0.007143, 0.028737, 30.814249
1, 62225998, 122398910, 0.004740, 0.007063, 0.028462, 30.814206
2, 62364998, 122318788, 0.004023, 0.006957, 0.028450, 30.814147
3, 63712994, 135170758, 0.005575, 0.007197, 0.029147, 30.814163
4, 63085997, 133248733, 0.005417, 0.007313, 0.029271, 30.814040
5, 62351997, 122265257, 0.003897, 0.007008, 0.028765, 30.814060
6, 62324000, 122127196, 0.004108, 0.001846, 0.028684, 30.801453
7, 61642998, 120202451, 0.005511, 0.007218, 0.028493, 30.813990
Sum of page ranks : 13887925.279471
Time taken (in seconds) : 30.815371


--- Contents of slurm-190230.out ---
Running page_rank_pull_parallel with 8 Threads: Iteration 2
Using DOUBLE
Number of Threads : 8
Strategy : 4
Granularity : 2000
Iterations: 20
Reading graph
Created graph
thread_id, num_vertices, num_edges, barrier1_time, barrier2_time, getNextVertex_time, total_time
0, 53295998, 124120481, 0.007785, 0.005011, 0.018255, 22.275623
1, 56437996, 124377455, 0.009768, 0.004964, 0.019258, 22.275541
2, 53417996, 124650014, 0.007326, 0.005049, 0.034424, 22.275507
3, 57435999, 126160768, 0.007463, 0.005003, 0.027327, 22.251580
4, 79195998, 127456672, 0.008790, 0.005153, 0.018700, 22.271345
5, 55405998, 124809512, 0.007659, 0.001498, 0.018757, 22.275403
6, 84429998, 124962578, 0.007115, 0.005189, 0.018676, 22.259511
7, 60379997, 123462520, 0.009522, 0.005002, 0.018923, 22.275372
Sum of page ranks : 13887925.279471
Time taken (in seconds) : 22.277064


--- Contents of slurm-190231.out ---
Running page_rank_push_parallel_atomic with 8 Threads: Iteration 2
Using DOUBLE
Number of Threads : 8
Strategy : 4
Granularity : 2000
Iterations: 20
Reading graph
Created graph
thread_id, num_vertices, num_edges, barrier1_time, barrier2_time, getNextVertex_time, total_time
0, 63064000, 130789741, 0.009206, 0.003222, 0.015526, 30.656357
1, 62845997, 127223425, 0.007502, 0.002749, 0.014869, 30.656306
2, 62195999, 121662036, 0.008688, 0.002912, 0.014534, 30.656322
3, 63119997, 128844153, 0.011457, 0.002859, 0.015670, 30.656296
4, 62632000, 125459198, 0.011420, 0.003154, 0.015261, 30.656259
5, 62039993, 122842370, 0.006740, 0.002413, 0.014589, 30.656171
6, 61999997, 121353945, 0.006859, 0.002847, 0.014508, 30.637698
7, 62101997, 121825132, 0.009096, 0.002695, 0.014597, 30.656159
Sum of page ranks : 13887925.279471
Time taken (in seconds) : 30.657907


--- Contents of slurm-190232.out ---
Running page_rank_pull_parallel with 8 Threads: Iteration 3
Using DOUBLE
Number of Threads : 8
Strategy : 4
Granularity : 10
Iterations: 20
Reading graph
Created graph
thread_id, num_vertices, num_edges, barrier1_time, barrier2_time, getNextVertex_time, total_time
0, 63763240, 125093167, 0.001930, 0.001829, 2.793086, 36.074486
1, 63737799, 124769731, 0.001872, 0.001921, 2.801550, 36.074441
2, 59685478, 125136379, 0.002135, 0.002077, 2.838145, 36.074419
3, 63634367, 124756202, 0.001919, 0.001933, 2.789485, 36.074375
4, 58863058, 125367702, 0.002034, 0.002024, 2.859114, 36.074275
5, 63872745, 125083069, 0.001879, 0.001898, 2.811659, 36.074285
6, 62983576, 124755114, 0.001974, 0.001959, 2.822644, 36.058991
7, 63459717, 125038636, 0.001931, 0.001927, 2.800754, 36.074229
Sum of page ranks : 13887925.279471
Time taken (in seconds) : 36.075858


--- Contents of slurm-190233.out ---
Running page_rank_push_parallel_atomic with 8 Threads: Iteration 3
Using DOUBLE
Number of Threads : 8
Strategy : 4
Granularity : 10
Iterations: 20
Reading graph
Created graph
thread_id, num_vertices, num_edges, barrier1_time, barrier2_time, getNextVertex_time, total_time
0, 66957398, 130567663, 0.002297, 0.001809, 2.564866, 44.191835
1, 59335028, 120489055, 0.002309, 0.001904, 2.730801, 44.191761
2, 66457667, 131424025, 0.002310, 0.001863, 2.560944, 44.191602
3, 63125578, 126138716, 0.002324, 0.001879, 2.507261, 44.191657
4, 57196696, 120622395, 0.002483, 0.002077, 2.714456, 44.191454
5, 62043917, 126801525, 0.002442, 0.002057, 2.669380, 44.191446
6, 61207787, 119582602, 0.002300, 0.06.10463701785, 2.566108, 44.191347
7, 63675909, 124374019, 0.002217, 0.001890, 2.501501, 44.191088
Sum of page ranks : 13887925.279471
Time taken (in seconds) : 44.193140


--- Contents of slurm-190234.out ---
Running page_rank_pull_parallel with 8 Threads: Iteration 3
Using DOUBLE6.104637
Number of Threads : 8
Strategy : 4
Granularity : 100
Iterations: 20
Reading graph
Created graph
thread_id, num_vertices, num_edges, barrier1_time, barrier2_time, getNextVertex_time, total_time
0, 71303096, 129592736, 0.002593, 0.002218, 0.366116, 23.771459
1, 61560698, 126905630, 0.002270, 0.001998, 0.362742, 23.771388
2, 59431900, 125321124, 0.002172, 0.001945, 0.372751, 23.771314
3, 61676798, 123876078, 0.002421, 0.001954, 0.359084, 23.771300
4, 61663799, 126451048, 0.002313, 0.002053, 0.361313, 23.771175
5, 57937096, 119454321, 0.002200, 0.002049, 0.342841, 23.771238
6, 68646796, 126698774, 0.002494, 0.002263, 0.350833, 23.755951
7, 57779797, 121700289, 0.002254, 0.002017, 0.344280, 23.771169
Sum of page ranks : 13887925.279471
Time taken (in seconds) : 23.773014


--- Contents of slurm-190235.out ---
Running page_rank_push_parallel_atomic with 8 Threads: Iteration 3
Using DOUBLE
Number of Threads : 8
Strategy : 4
Granularity : 100
Iterations: 20
Reading graph
Created graph
thread_id, num_vertices, num_edges, barrier1_time, barrier2_time, getNextVertex_time, total_time
0, 62100198, 122862182, 0.001459, 0.001755, 0.264186, 32.245717
1, 61995398, 122957365, 0.001336, 0.001681, 0.264402, 32.245659
2, 62098897, 122852248, 0.001451, 0.001698, 0.264187, 32.245626
3, 62083097, 122525885, 0.001455, 0.001708, 0.264826, 32.245616
4, 63822395, 131751247, 0.001576, 0.002028, 0.264226, 32.245441
5, 62009998, 122872349, 0.001225, 0.001685, 0.264813, 32.245529
6, 63797399, 131368946, 0.001592, 0.001942, 0.263954, 32.232403
7, 62092598, 122809778, 0.001450, 0.001734, 0.263604, 32.245485
Sum of page ranks : 13887925.279471
Time taken (in seconds) : 32.246966


--- Contents of slurm-190236.out ---
Running page_rank_pull_parallel with 8 Threads: Iteration 3
Using DOUBLE
Number of Threads : 8
Strategy : 4
Granularity : 10006.104637
Iterations: 20
Reading graph
Created graph
thread_id, num_vertices, num_edges, barrier1_time, barrier2_time, getNextVertex_time, total_time
0, 54534998, 122148706, 0.004478, 0.015359, 0.034792, 22.016615
1, 56239000, 124708388, 0.004454, 0.015281, 0.036052, 22.016540
2, 56074999, 121769508, 0.004078, 0.015402, 0.035754, 22.016503
3, 54490996, 122285794, 0.004093, 0.015394, 0.034980, 22.016489
4, 59882997, 124877430, 0.004731, 0.015316, 0.035322, 22.016363
5, 76751999, 128837738, 0.003566, 0.010134, 0.035612, 22.016363
6, 85715995, 130701792, 0.004603, 0.015326, 0.036936, 21.996252
7, 56308996, 124670644, 0.003919, 0.007144, 0.035694, 22.016340
Sum of page ranks : 13887925.279471
Time taken (in seconds) : 22.017744


--- Contents of slurm-190237.out ---
Running page_rank_push_parallel_atomic with 8 Threads: Iteration 3
Using DOUBLE
Number of Threads : 8
Strategy : 4
Granularity : 1000
Iterations: 20
Reading graph
Created graph
thread_id, num_vertices, num_edges, barrier1_time, barrier2_time, getNextVertex_time, total_time
0, 62224998, 121947774, 0.005357, 0.001687, 0.026625, 30.762537
1, 61917000, 122000552, 0.004622, 0.001959, 0.026230, 30.762440
2, 63490995, 131612594, 0.005264, 0.002122, 0.028092, 30.762446
3, 62068996, 121157958, 0.004068, 0.001789, 0.026221, 30.746502
4, 62464998, 123879161, 0.004836, 0.002087, 0.027120, 30.738482
5, 63706997, 135052434, 0.006012, 0.002249, 0.029174, 30.750432
6, 61978998, 122140615, 0.004025, 0.001876, 0.026275, 30.762310
7, 62146998, 122208912, 0.004547, 0.001860, 0.026288, 30.762258
Sum of page ranks : 13887925.279471
Time taken (in seconds) : 30.763987


--- Contents of slurm-190238.out ---
Running page_rank_pull_parallel with 8 Threads: Iteration 3
Using DOUBLE
Number of Threads : 8
Strategy : 4
Granularity : 2000
Iterations: 20
Reading graph
Created graph
thread_id, num_vertices, num_edges, barrier1_time, barrier2_time, getNextVertex_time, total_time
0, 55195998, 122565630, 0.007969, 0.001853, 0.019603, 21.921847
1, 53447999, 123581618, 0.006830, 0.001892, 0.019142, 21.921790
2, 53187996, 125440364, 0.007501, 0.001803, 0.019220, 21.921729
3, 80165999, 126970467, 0.008297, 0.001858, 0.017892, 21.921754
4, 60617995, 123206872, 0.007606, 0.001887, 0.019423, 21.921595
5, 53809997, 123782587, 0.008708, 0.001830, 0.019336, 21.921650
6, 87047997, 129812216, 0.007633, 0.001898, 0.018014, 21.904458
7, 56525999, 124640246, 0.006123, 0.001911, 0.019351, 21.921565
Sum of page ranks : 13887925.279471
Time taken (in seconds) : 21.923218


--- Contents of slurm-190239.out ---
Running page_rank_push_parallel_atomic with 8 Threads: Iteration 3
Using DOUBLE
Number of Threads : 8
Strategy : 4
Granularity : 2000
Iterations: 20
Reading graph
Created graph
thread_id, num_vertices, num_edges, barrier1_time, barrier2_time, getNextVertex_time, total_time
0, 61883997, 121505522, 0.007028, 0.002983, 0.014756, 30.666284
1, 63309995, 131075691, 0.012043, 0.003014, 0.014750, 30.666236
2, 62079998, 121705173, 0.006036, 0.002950, 0.014558, 30.666184
3, 61963999, 121208944, 0.009346, 0.003132, 0.014637, 30.666161
4, 63901997, 135207471, 0.009418, 0.003134, 0.015090, 30.654118
5, 62705998, 126076980, 0.008226, 0.003063, 0.014965, 30.666046
6, 62089998, 121631732, 0.007973, 0.002914, 0.014867, 30.666033
7, 62063998, 121588487, 0.009715, 0.002925, 0.014724, 30.666011
Sum of page ranks : 13887925.279471
Time taken (in seconds) : 30.667650


