--- Contents of slurm-193692.out ---
Running page_rank_pull_parallel with 8 Threads: Iteration 1
Using DOUBLE
Number of Threads : 8
Strategy : 4
Granularity : 10
Iterations: 20
Reading graph
Created graph
thread_id, num_vertices, num_edges, barrier1_time, barrier2_time, getNextVertex_time, total_time
0, 63716089, 125225034, 0.001956, 0.002069, 2.826859, 35.026156
1, 63604510, 125350246, 0.001905, 0.001962, 2.821165, 35.026103
2, 63474189, 125168685, 0.001939, 0.002013, 2.819666, 35.026063
3, 59205474, 124223225, 0.002072, 0.002194, 2.854539, 35.025968
4, 59057287, 124854553, 0.002025, 0.002167, 2.869179, 35.025862
5, 63631975, 125242740, 0.001851, 0.001926, 2.837774, 35.025965
6, 63680388, 125049804, 0.001894, 0.001982, 2.818537, 35.008999
7, 63630068, 124885713, 0.001956, 0.001998, 2.820100, 35.025894
Sum of page ranks : 13887925.279471
Time taken (in seconds) : 35.027525


--- Contents of slurm-193693.out ---
Running page_rank_push_parallel_atomic with 8 Threads: Iteration 1
Using DOUBLE
Number of Threads : 8
Strategy : 4
Granularity : 10
Iterations: 20
Reading graph
Created graph
thread_id, num_vertices, num_edges, barrier1_time, barrier2_time, getNextVertex_time, total_time
0, 62259638, 126787024, 0.002100, 0.001817, 2.928795, 46.062666
1, 61241119, 123844281, 0.002124, 0.001840, 2.858469, 46.062609
2, 63277320, 126316549, 0.002111, 0.001920, 2.919840, 46.062581
3, 61756707, 122370610, 0.002259, 0.002089, 2.869319, 46.062521
4, 63854836, 127678605, 0.002081, 0.001884, 2.928503, 46.062418
5, 60987086, 123263736, 0.002182, 0.002088, 2.822269, 46.062482
6, 63071297, 124281388, 0.002110, 0.001879, 2.886597, 46.044001
7, 63551977, 125457807, 0.002105, 0.001918, 2.915596, 46.062403
Sum of page ranks : 13887925.279471
Time taken (in seconds) : 46.064167


--- Contents of slurm-193697.out ---
Running page_rank_pull_parallel with 8 Threads: Iteration 1
Using DOUBLE
Number of Threads : 8
Strategy : 4
Granularity : 100
Iterations: 20
Reading graph
Created graph
thread_id, num_vertices, num_edges, barrier1_time, barrier2_time, getNextVertex_time, total_time
0, 55734297, 121334973, 0.002536, 0.002032, 0.371742, 26.718333
1, 56728697, 123654019, 0.002569, 0.002069, 0.304237, 26.718257
2, 56411997, 110542058, 0.002421, 0.001931, 0.305184, 26.718209
3, 66417298, 128632798, 0.002882, 0.002105, 0.323561, 26.718014
4, 65894898, 125562964, 0.002926, 0.002035, 0.357212, 26.717898
5, 63150797, 127102728, 0.002669, 0.002098, 0.303029, 26.717752
6, 72568997, 137265760, 0.002625, 0.002181, 0.388062, 26.717503
7, 63092999, 125904700, 0.002586, 0.001941, 0.336882, 26.717424
Sum of page ranks : 13887925.279471
Time taken (in seconds) : 26.719816


--- Contents of slurm-193698.out ---
Running page_rank_push_parallel_atomic with 8 Threads: Iteration 1
Using DOUBLE
Number of Threads : 8
Strategy : 4
Granularity : 100
Iterations: 20
Reading graph
Created graph
thread_id, num_vertices, num_edges, barrier1_time, barrier2_time, getNextVertex_time, total_time
0, 67186596, 131830089, 0.001800, 0.007002, 0.284543, 40.738729
1, 53337800, 118083746, 0.001640, 0.006977, 0.318939, 40.738683
2, 57603799, 112353144, 0.001829, 0.006852, 0.335077, 40.738549
3, 63035196, 123249273, 0.001911, 0.006773, 0.297761, 40.738642
4, 69815394, 134248914, 0.001988, 0.001972, 0.310465, 40.738524
5, 67698299, 129250069, 0.001976, 0.006802, 0.308446, 40.738133
6, 64263896, 138243018, 0.002072, 0.006863, 0.275832, 40.719904
7, 57059000, 112741747, 0.001800, 0.006915, 0.396570, 40.738415
Sum of page ranks : 13887925.279471
Time taken (in seconds) : 40.740090


--- Contents of slurm-193704.out ---
Running page_rank_pull_parallel with 8 Threads: Iteration 1
Using DOUBLE
Number of Threads : 8
Strategy : 4
Granularity : 1000
Iterations: 20
Reading graph
Created graph
thread_id, num_vertices, num_edges, barrier1_time, barrier2_time, getNextVertex_time, total_time
0, 52082998, 126152352, 0.004623, 0.001492, 0.037503, 25.252610
1, 70863999, 124761395, 0.004040, 0.001591, 0.036317, 25.252662
2, 70930998, 124656644, 0.005345, 0.001624, 0.036392, 25.252634
3, 51997998, 126113556, 0.005787, 0.001562, 0.037169, 25.252605
4, 75321994, 123165424, 0.004340, 0.001649, 0.036762, 25.251982
5, 51562995, 125967879, 0.004911, 0.001586, 0.037388, 25.252110
6, 51983999, 126078576, 0.005477, 0.001659, 0.037639, 25.251901
7, 75254999, 123104174, 0.004458, 0.001740, 0.037001, 25.250808
Sum of page ranks : 13887925.279471
Time taken (in seconds) : 25.254507


--- Contents of slurm-193706.out ---
Running page_rank_push_parallel_atomic with 8 Threads: Iteration 1
Using DOUBLE
Number of Threads : 8
Strategy : 4
Granularity : 1000
Iterations: 20
Reading graph
Created graph
thread_id, num_vertices, num_edges, barrier1_time, barrier2_time, getNextVertex_time, total_time
0, 66889997, 130384318, 0.006414, 0.002087, 0.045938, 38.371518
1, 55913996, 92157347, 0.004673, 0.001567, 0.022979, 38.370777
2, 66906999, 131626123, 0.006360, 0.002238, 0.030542, 38.371417
3, 48886998, 116312972, 0.005660, 0.001601, 0.023904, 38.371744
4, 66873997, 131993359, 0.004975, 0.002213, 0.030202, 38.371341
5, 66744998, 130808894, 0.005648, 0.002188, 0.030391, 38.371328
6, 60980997, 135665738, 0.006231, 0.001788, 0.044799, 38.369456
7, 66801998, 131051249, 0.005918, 0.002243, 0.030277, 38.354010
Sum of page ranks : 13887925.279471
Time taken (in seconds) : 38.372630


--- Contents of slurm-193708.out ---
Running page_rank_pull_parallel with 8 Threads: Iteration 1
Using DOUBLE
Number of Threads : 8
Strategy : 4
Granularity : 2000
Iterations: 20
Reading graph
Created graph
thread_id, num_vertices, num_edges, barrier1_time, barrier2_time, getNextVertex_time, total_time
0, 54891998, 108567611, 0.007555, 0.001450, 0.019587, 23.099769
1, 54866000, 108545250, 0.006450, 0.001436, 0.019659, 23.099741
2, 67509998, 131637813, 0.009559, 0.001499, 0.024779, 23.099676
3, 54857993, 105395834, 0.006185, 0.001422, 0.019699, 23.086001
4, 67305999, 136486705, 0.008150, 0.001478, 0.024942, 23.099608
5, 67407997, 136504932, 0.007282, 0.001442, 0.024762, 23.099500
6, 67377997, 136477577, 0.007391, 0.001513, 0.024791, 23.093926
7, 65781998, 136384278, 0.007318, 0.001493, 0.024518, 23.097927
Sum of page ranks : 13887925.279471
Time taken (in seconds) : 23.101016


--- Contents of slurm-193710.out ---
Running page_rank_push_parallel_atomic with 8 Threads: Iteration 1
Using DOUBLE
Number of Threads : 8
Strategy : 4
Granularity : 2000
Iterations: 20
Reading graph
Created graph
thread_id, num_vertices, num_edges, barrier1_time, barrier2_time, getNextVertex_time, total_time
0, 61243998, 128806593, 0.010460, 0.002644, 0.013090, 33.644586
1, 62115999, 128484360, 0.010825, 0.002438, 0.013370, 33.644548
2, 59127996, 121251147, 0.008329, 0.002656, 0.012379, 33.644505
3, 63727999, 123792715, 0.009859, 0.002584, 0.012781, 33.644450
4, 67123994, 122566685, 0.010006, 0.002450, 0.013479, 33.644664
5, 63201999, 124396178, 0.009317, 0.002907, 0.012964, 33.643997
6, 62615996, 123765940, 0.008273, 0.002584, 0.013292, 33.630552
7, 60841999, 126936382, 0.011692, 0.002160, 0.028042, 33.630537
Sum of page ranks : 13887925.279471
Time taken (in seconds) : 33.645983


--- Contents of slurm-193712.out ---
Running page_rank_pull_parallel with 8 Threads: Iteration 2
Using DOUBLE
Number of Threads : 8
Strategy : 4
Granularity : 10
Iterations: 20
Reading graph
Created graph
thread_id, num_vertices, num_edges, barrier1_time, barrier2_time, getNextVertex_time, total_time
0, 60807267, 125121020, 0.002113, 0.001935, 2.890806, 38.439117
1, 61625947, 127124658, 0.002065, 0.001882, 2.845661, 38.439088
2, 64788159, 125006324, 0.002126, 0.001937, 2.970992, 38.439036
3, 64224707, 124016921, 0.002180, 0.001995, 2.898692, 38.439008
4, 61824897, 125860173, 0.002194, 0.001868, 3.036144, 38.435390
5, 63033728, 123477401, 0.002177, 0.001873, 2.889253, 38.438954
6, 62273867, 123956439, 0.002124, 0.001962, 3.041610, 38.419479
7, 61421408, 125437064, 0.001992, 0.002047, 2.904380, 38.438873
Sum of page ranks : 13887925.279471
Time taken (in seconds) : 38.440592


--- Contents of slurm-193714.out ---
Running page_rank_push_parallel_atomic with 8 Threads: Iteration 2
Using DOUBLE
Number of Threads : 8
Strategy : 4
Granularity : 10
Iterations: 20
Reading graph
Created graph
thread_id, num_vertices, num_edges, barrier1_time, barrier2_time, getNextVertex_time, total_time
0, 63677789, 128211314, 0.002476, 0.002186, 2.816705, 50.338006
1, 58918968, 117073095, 0.002544, 0.002120, 2.755938, 50.337953
2, 64515916, 155459985, 0.002588, 0.002315, 3.358717, 50.337630
3, 60292348, 107302315, 0.002404, 0.002175, 2.736900, 50.337641
4, 64698258, 128657943, 0.002487, 0.002120, 2.717638, 50.337415
5, 65253640, 118501921, 0.002461, 0.002206, 2.800412, 50.337263
6, 62075053, 122492308, 0.002391, 0.002192, 2.867332, 50.337193
7, 60568008, 122301119, 0.002527, 0.002167, 2.817406, 50.337019
Sum of page ranks : 13887925.279471
Time taken (in seconds) : 50.339266


--- Contents of slurm-193715.out ---
Running page_rank_pull_parallel with 8 Threads: Iteration 2
Using DOUBLE
Number of Threads : 8
Strategy : 4
Granularity : 100
Iterations: 20
Reading graph
Created graph
thread_id, num_vertices, num_edges, barrier1_time, barrier2_time, getNextVertex_time, total_time
0, 57295698, 117233373, 0.001856, 0.002003, 0.373284, 27.086991
1, 67398897, 135569115, 0.002130, 0.002099, 0.451987, 27.086941
2, 67681598, 122244847, 0.002203, 0.002010, 0.396795, 27.086909
3, 59458195, 121824258, 0.002010, 0.002066, 0.407856, 27.086754
4, 63658098, 126996137, 0.002246, 0.002051, 0.385723, 27.086592
5, 59654999, 126057485, 0.002262, 0.002092, 0.384986, 27.086448
6, 62775398, 124908222, 0.002136, 0.002094, 0.398039, 27.086258
7, 62077097, 125166563, 0.002205, 0.002021, 0.407919, 27.045937
Sum of page ranks : 13887925.279471
Time taken (in seconds) : 27.088663


--- Contents of slurm-193719.out ---
Running page_rank_push_parallel_atomic with 8 Threads: Iteration 2
Using DOUBLE
Number of Threads : 8
Strategy : 4
Granularity : 100
Iterations: 20
Reading graph
Created graph
thread_id, num_vertices, num_edges, barrier1_time, barrier2_time, getNextVertex_time, total_time
0, 69494797, 138762353, 0.002654, 0.002350, 0.269652, 42.941637
1, 61116500, 122542974, 0.002142, 0.002318, 0.294384, 42.941618
2, 65054697, 141135753, 0.002654, 0.002433, 0.302437, 42.941102
3, 64730496, 133311659, 0.002681, 0.002178, 0.289928, 42.940948
4, 52733996, 113282051, 0.002151, 0.001965, 0.298430, 42.940729
5, 63677899, 123796662, 0.002300, 0.002231, 0.296036, 42.940455
6, 64763198, 118008317, 0.002445, 0.002210, 0.278837, 42.940308
7, 58428397, 109160231, 0.002308, 0.001991, 0.254140, 42.927275
Sum of page ranks : 13887925.279471
Time taken (in seconds) : 42.943366


--- Contents of slurm-193722.out ---
Running page_rank_pull_parallel with 8 Threads: Iteration 2
Using DOUBLE
Number of Threads : 8
Strategy : 4
Granularity : 1000
Iterations: 20
Reading graph
Created graph
thread_id, num_vertices, num_edges, barrier1_time, barrier2_time, getNextVertex_time, total_time
0, 62848999, 112224473, 0.004654, 0.002137, 0.104838, 25.278326
1, 67114998, 123357782, 0.005694, 0.002172, 0.030647, 25.278327
2, 54471999, 118589377, 0.004094, 0.001957, 0.029336, 25.278281
3, 55806998, 130346446, 0.005892, 0.002032, 0.047882, 25.278020
4, 57150997, 131976441, 0.004903, 0.002070, 0.035800, 25.277943
5, 69458998, 120181822, 0.004129, 0.001884, 0.029994, 25.258979
6, 73290994, 133125311, 0.004624, 0.002058, 0.033265, 25.277733
7, 59855997, 130198348, 0.006058, 0.002127, 0.032296, 25.277639
Sum of page ranks : 13887925.279471
Time taken (in seconds) : 25.280057


--- Contents of slurm-193723.out ---
Running page_rank_push_parallel_atomic with 8 Threads: Iteration 2
Using DOUBLE
Number of Threads : 8
Strategy : 4
Granularity : 1000
Iterations: 20
Reading graph
Created graph
thread_id, num_vertices, num_edges, barrier1_time, barrier2_time, getNextVertex_time, total_time
0, 68716000, 136398890, 0.005801, 0.005819, 0.026902, 38.299206
1, 62654999, 125300504, 0.005460, 0.005893, 0.025687, 38.299135
2, 65092998, 125183215, 0.006898, 0.005698, 0.025477, 38.298835
3, 51029999, 116175821, 0.005979, 0.005615, 0.039108, 38.298705
4, 58401995, 116808837, 0.005986, 0.002221, 0.039808, 38.298490
5, 63671996, 132369845, 0.005702, 0.005509, 0.030132, 38.298316
6, 66949999, 124552671, 0.006296, 0.005648, 0.025836, 38.298106
7, 63481994, 123210217, 0.006451, 0.005410, 0.045717, 38.283750
Sum of page ranks : 13887925.279471
Time taken (in seconds) : 38.300694


--- Contents of slurm-193724.out ---
Running page_rank_pull_parallel with 8 Threads: Iteration 2
Using DOUBLE
Number of Threads : 8
Strategy : 4
Granularity : 2000
Iterations: 20
Reading graph
Created graph
thread_id, num_vertices, num_edges, barrier1_time, barrier2_time, getNextVertex_time, total_time
0, 64135998, 123413486, 0.009351, 0.017714, 0.019117, 28.753589
1, 54535997, 129809575, 0.013877, 0.006942, 0.022995, 28.753597
2, 58449998, 132531178, 0.015757, 0.017741, 0.018988, 28.753497
3, 67705998, 130116862, 0.016213, 0.017757, 0.018990, 28.753497
4, 63348000, 113632847, 0.015934, 0.012438, 0.018357, 28.753339
5, 61875997, 120710632, 0.014926, 0.017754, 0.019000, 28.753416
6, 73577994, 123235467, 0.017916, 0.017738, 0.034520, 28.738858
7, 56369998, 126549953, 0.014693, 0.017691, 0.019129, 28.726863
Sum of page ranks : 13887925.279471
Time taken (in seconds) : 28.755348


--- Contents of slurm-193725.out ---
Running page_rank_push_parallel_atomic with 8 Threads: Iteration 2
Using DOUBLE
Number of Threads : 8
Strategy : 4
Granularity : 2000
Iterations: 20
Reading graph
Created graph
thread_id, num_vertices, num_edges, barrier1_time, barrier2_time, getNextVertex_time, total_time
0, 70017998, 133770500, 0.010110, 0.003411, 0.016169, 41.634723
1, 74471996, 146474384, 0.011762, 0.009721, 0.017469, 41.634695
2, 59629999, 116586478, 0.011007, 0.009120, 0.013737, 41.634621
3, 52429998, 111383269, 0.012669, 0.009108, 0.013014, 41.634312
4, 64383995, 130369472, 0.013348, 0.009346, 0.015594, 41.634290
5, 49747999, 103661223, 0.010741, 0.008829, 0.027898, 41.634540
6, 74133997, 137892590, 0.009989, 0.009755, 0.017057, 41.634242
7, 55183998, 119862084, 0.011386, 0.008987, 0.030031, 41.634192
Sum of page ranks : 13887925.279471
Time taken (in seconds) : 41.635740


--- Contents of slurm-193728.out ---
Running page_rank_pull_parallel with 8 Threads: Iteration 3
Using DOUBLE
Number of Threads : 8
Strategy : 4
Granularity : 10
Iterations: 20
Reading graph
Created graph
thread_id, num_vertices, num_edges, barrier1_time, barrier2_time, getNextVertex_time, total_time
0, 70512105, 138523868, 0.002068, 0.014023, 3.877166, 48.236581
1, 63885607, 122123625, 0.002105, 0.001833, 3.889768, 48.236525
2, 73291800, 143708589, 0.002136, 0.013941, 3.938641, 48.236480
3, 60222999, 120906593, 0.002066, 0.013821, 3.868587, 48.236409
4, 74565013, 140771581, 0.002136, 0.014025, 3.940302, 48.236422
5, 51556897, 106686230, 0.001783, 0.013766, 3.951906, 48.236321
6, 52222050, 119610553, 0.001935, 0.013676, 4.155839, 48.236354
7, 53743509, 107668961, 0.001830, 0.013825, 4.028412, 48.218477
Sum of page ranks : 13887925.279471
Time taken (in seconds) : 48.237859


--- Contents of slurm-193730.out ---
Running page_rank_push_parallel_atomic with 8 Threads: Iteration 3
Using DOUBLE
Number of Threads : 8
Strategy : 4
Granularity : 10
Iterations: 20
Reading graph
Created graph
thread_id, num_vertices, num_edges, barrier1_time, barrier2_time, getNextVertex_time, total_time
0, 63932486, 123188361, 0.002288, 0.010258, 3.075977, 51.120133
1, 63918110, 123772162, 0.002264, 0.010254, 3.102215, 51.120179
2, 61959247, 142683360, 0.002018, 0.010135, 3.362041, 51.120157
3, 63468586, 123909365, 0.002382, 0.010220, 3.074617, 51.120111
4, 63524248, 122005262, 0.002325, 0.002184, 3.083693, 51.119489
5, 63711188, 122145602, 0.002319, 0.010331, 3.089080, 51.119686
6, 59323219, 127235642, 0.002068, 0.009968, 3.414430, 51.119479
7, 60162896, 115060246, 0.002302, 0.010237, 3.241757, 51.117764
Sum of page ranks : 13887925.279471
Time taken (in seconds) : 51.121799


--- Contents of slurm-193734.out ---
Running page_rank_pull_parallel with 8 Threads: Iteration 3
Using DOUBLE
Number of Threads : 8
Strategy : 4
Granularity : 100
Iterations: 20
Reading graph
Created graph
thread_id, num_vertices, num_edges, barrier1_time, barrier2_time, getNextVertex_time, total_time
0, 61686897, 122344496, 0.003233, 0.002111, 0.297389, 26.578294
1, 67122396, 133040571, 0.003449, 0.002157, 0.310790, 26.578215
2, 61148598, 123855936, 0.003193, 0.002070, 0.362516, 26.578160
3, 56654499, 120542896, 0.003193, 0.002125, 0.317593, 26.578053
4, 63953594, 135427882, 0.003110, 0.002063, 0.312512, 26.578026
5, 63612698, 126485168, 0.003252, 0.002039, 0.317435, 26.577851
6, 60514199, 109716467, 0.003192, 0.002091, 0.298966, 26.577686
7, 65307099, 128586584, 0.003023, 0.002183, 0.321405, 26.577464
Sum of page ranks : 13887925.279471
Time taken (in seconds) : 26.579937


--- Contents of slurm-193735.out ---
Running page_rank_push_parallel_atomic with 8 Threads: Iteration 3
Using DOUBLE
Number of Threads : 8
Strategy : 4
Granularity : 100
Iterations: 20
Reading graph
Created graph
thread_id, num_vertices, num_edges, barrier1_time, barrier2_time, getNextVertex_time, total_time
0, 68541797, 127407137, 0.002302, 0.001942, 0.245707, 41.068065
1, 66910995, 129017445, 0.002490, 0.001970, 0.289100, 41.068007
2, 58903000, 124302268, 0.002075, 0.001803, 0.274725, 41.067990
3, 61411295, 123926635, 0.002411, 0.002027, 0.272308, 41.067951
4, 56841800, 130025480, 0.002229, 0.002133, 0.331274, 41.067847
5, 65522898, 126383564, 0.002299, 0.001962, 0.334409, 41.067873
6, 60252896, 117985831, 0.002282, 0.001944, 0.293769, 41.055015
7, 61615299, 120951640, 0.002087, 0.001912, 0.322592, 41.067847
Sum of page ranks : 13887925.279471
Time taken (in seconds) : 41.069520


--- Contents of slurm-193736.out ---
Running page_rank_pull_parallel with 8 Threads: Iteration 3
Using DOUBLE
Number of Threads : 8
Strategy : 4
Granularity : 1000
Iterations: 20
Reading graph
Created graph
thread_id, num_vertices, num_edges, barrier1_time, barrier2_time, getNextVertex_time, total_time
0, 65388995, 109782855, 0.006813, 0.001624, 0.030112, 26.325442
1, 60421995, 145910981, 0.007089, 0.002112, 0.035837, 26.325420
2, 58900999, 130051836, 0.006200, 0.001981, 0.033061, 26.325341
3, 61050000, 125747272, 0.006065, 0.001923, 0.036524, 26.325054
4, 62065998, 137022147, 0.006745, 0.001949, 0.034504, 26.324902
5, 76244996, 120082663, 0.006834, 0.001762, 0.048779, 26.324695
6, 56838999, 126392830, 0.005899, 0.001944, 0.049864, 26.324536
7, 59087998, 105009416, 0.004595, 0.001693, 0.028046, 26.308585
Sum of page ranks : 13887925.279471
Time taken (in seconds) : 26.327040


--- Contents of slurm-193740.out ---
Running page_rank_push_parallel_atomic with 8 Threads: Iteration 3
Using DOUBLE
Number of Threads : 8
Strategy : 4
Granularity : 1000
Iterations: 20
Reading graph
Created graph
thread_id, num_vertices, num_edges, barrier1_time, barrier2_time, getNextVertex_time, total_time
0, 62276997, 116854465, 0.005762, 0.002025, 0.023947, 36.083419
1, 59006996, 120803732, 0.004557, 0.002033, 0.024212, 36.083364
2, 57066996, 123434013, 0.006017, 0.001730, 0.024513, 36.083165
3, 66707997, 134309949, 0.005920, 0.001950, 0.028090, 36.083077
4, 62576999, 123941356, 0.005269, 0.002018, 0.024793, 36.082862
5, 68557999, 138005355, 0.006213, 0.002070, 0.029734, 36.082714
6, 62127998, 120464389, 0.006770, 0.002005, 0.025292, 36.082540
7, 61677998, 122186741, 0.006268, 0.002071, 0.024801, 36.081002
Sum of page ranks : 13887925.279471
Time taken (in seconds) : 36.084694


--- Contents of slurm-193741.out ---
Running page_rank_pull_parallel with 8 Threads: Iteration 3
Using DOUBLE
Number of Threads : 8
Strategy : 4
Granularity : 2000
Iterations: 20
Reading graph
Created graph
thread_id, num_vertices, num_edges, barrier1_time, barrier2_time, getNextVertex_time, total_time
0, 46033996, 124270954, 0.006935, 0.001287, 0.020657, 22.724586
1, 112633994, 129334407, 0.007229, 0.001509, 0.022484, 22.724501
2, 46121999, 124353517, 0.008334, 0.001401, 0.020787, 22.724292
3, 46156000, 124251742, 0.007962, 0.001410, 0.020836, 22.724247
4, 46079999, 124160547, 0.008507, 0.001464, 0.020750, 22.724220
5, 46068000, 124127808, 0.008082, 0.001466, 0.020556, 22.724012
6, 110767993, 125519657, 0.006365, 0.001534, 0.023176, 22.723938
7, 46137999, 123981368, 0.008639, 0.001297, 0.020967, 22.723772
Sum of page ranks : 13887925.279471
Time taken (in seconds) : 22.726138


--- Contents of slurm-193742.out ---
Running page_rank_push_parallel_atomic with 8 Threads: Iteration 3
Using DOUBLE
Number of Threads : 8
Strategy : 4
Granularity : 2000
Iterations: 20
Reading graph
Created graph
thread_id, num_vertices, num_edges, barrier1_time, barrier2_time, getNextVertex_time, total_time
0, 58875998, 125832360, 0.009627, 0.002553, 0.013003, 39.910515
1, 58489995, 114890696, 0.011175, 0.001868, 0.024306, 39.910517
2, 71543998, 136555491, 0.012589, 0.003039, 0.014503, 39.910450
3, 55754000, 116293267, 0.009569, 0.002981, 0.012060, 39.910158
4, 60715997, 118687063, 0.013187, 0.002563, 0.013092, 39.910050
5, 66961996, 135448183, 0.010261, 0.003252, 0.022024, 39.909897
6, 71523997, 137362300, 0.012155, 0.002947, 0.018669, 39.895371
7, 56133999, 114930640, 0.009627, 0.002724, 0.016185, 39.906634
Sum of page ranks : 13887925.279471
Time taken (in seconds) : 39.912277


